[ngetemplates.com/dark/dark/index.html]
[backblue.gif]
[fade.gif]
[index.html]
[ngetemplates.com/dark/dark/css/materialize.css]
[ngetemplates.com/dark/dark/font-awesome/css/font-awesome.min.css]
[ngetemplates.com/dark/dark/css/normalize.css]
[ngetemplates.com/dark/dark/css/owl.carousel.css]
[ngetemplates.com/dark/dark/css/owl.theme.css]
[ngetemplates.com/dark/dark/css/owl.transitions.css]
[ngetemplates.com/dark/dark/css/fakeLoader.css]
[ngetemplates.com/dark/dark/css/style.css]
[ngetemplates.com/dark/dark/img/favicon.png]
[ngetemplates.com/dark/dark/contact.html]
[ngetemplates.com/dark/dark/img/profile.jpg]
[ngetemplates.com/dark/dark/home-portfolio.html]
[ngetemplates.com/dark/dark/home-shop.html]
[ngetemplates.com/dark/dark/home-blog.html]
[ngetemplates.com/dark/dark/shop-single.html]
[ngetemplates.com/dark/dark/checkout.html]
[ngetemplates.com/dark/dark/pricing.html]
[ngetemplates.com/dark/dark/error404.html]
[ngetemplates.com/dark/dark/team.html]
[ngetemplates.com/dark/dark/testimonial.html]
[ngetemplates.com/dark/dark/blog.html]
[ngetemplates.com/dark/dark/blog-single.html]
[ngetemplates.com/dark/dark/about-us.html]
[ngetemplates.com/dark/dark/login.html]
[ngetemplates.com/dark/dark/register.html]
[ngetemplates.com/dark/dark/img/slide1.jpg]
[ngetemplates.com/dark/dark/img/slide2.jpg]
[ngetemplates.com/dark/dark/img/slide3.jpg]
[ngetemplates.com/dark/dark/img/team1.jpg]
[ngetemplates.com/dark/dark/img/team2.jpg]
[ngetemplates.com/dark/dark/img/team3.jpg]
[ngetemplates.com/dark/dark/img/team4.jpg]
[ngetemplates.com/dark/dark/img/blog1.jpg]
[ngetemplates.com/dark/dark/img/blog2.jpg]
[ngetemplates.com/dark/dark/img/blog3.jpg]
[ngetemplates.com/dark/dark/img/blog4.jpg]
[ngetemplates.com/dark/dark/js/owl.carousel.min.js]
[ngetemplates.com/dark/dark/js/fakeLoader.min.js]
[ngetemplates.com/dark/dark/index.html]
[ngetemplates.com/dark/dark/js/main.js]
[ngetemplates.com/dark/dark/js/jquery.min.js]
[ngetemplates.com/dark/dark/js/materialize.min.js]
[ngetemplates.com/dark/dark/css/materialize.css]
[ngetemplates.com/dark/dark/font-awesome/fonts/fontawesome-webfont5b62.eot]
[ngetemplates.com/dark/dark/font-awesome/fonts/fontawesome-webfontd41d.eot]
[ngetemplates.com/dark/dark/font-awesome/fonts/fontawesome-webfont5b62.woff2]
[ngetemplates.com/dark/dark/font-awesome/fonts/fontawesome-webfont5b62.woff]
[ngetemplates.com/dark/dark/font-awesome/fonts/fontawesome-webfont5b62.ttf]
[ngetemplates.com/dark/dark/font-awesome/css/font-awesome.min.css]
[ngetemplates.com/dark/dark/css/normalize.css]
[ngetemplates.com/dark/dark/font-awesome/fonts/fontawesome-webfont5b62.svg]
[ngetemplates.com/dark/dark/css/owl.carousel.css]
[ngetemplates.com/dark/dark/css/owl.theme.css]
[ngetemplates.com/dark/dark/css/owl.transitions.css]
[ngetemplates.com/dark/dark/css/fakeLoader.css]
[ngetemplates.com/dark/dark/img/image-profil.jpg]
[ngetemplates.com/dark/dark/img/sc.png]
[ngetemplates.com/dark/dark/css/style.css]
[ngetemplates.com/dark/dark/js/contact-form.js]
[ngetemplates.com/dark/dark/contact.html]
[ngetemplates.com/dark/dark/css/magnific-popup.css]
[ngetemplates.com/dark/dark/img/portfolio1.jpg]
[ngetemplates.com/dark/dark/img/portfolio2.jpg]
[ngetemplates.com/dark/dark/img/portfolio3.jpg]
[ngetemplates.com/dark/dark/img/portfolio4.jpg]
[ngetemplates.com/dark/dark/img/portfolio5.jpg]
[ngetemplates.com/dark/dark/img/portfolio6.jpg]
[ngetemplates.com/dark/dark/img/portfolio7.jpg]
[ngetemplates.com/dark/dark/img/portfolio8.jpg]
[ngetemplates.com/dark/dark/js/jquery.filterizr.js]
[ngetemplates.com/dark/dark/js/jquery.magnific-popup.min.js]
[ngetemplates.com/dark/dark/js/portfolio.js]
[ngetemplates.com/dark/dark/home-portfolio.html]
[ngetemplates.com/dark/dark/img/shop1.png]
[ngetemplates.com/dark/dark/img/shop2.png]
[ngetemplates.com/dark/dark/img/shop3.png]
[ngetemplates.com/dark/dark/img/shop4.png]
[ngetemplates.com/dark/dark/img/shop5.png]
[ngetemplates.com/dark/dark/img/shop6.png]
[ngetemplates.com/dark/dark/home-shop.html]
[ngetemplates.com/dark/dark/home-blog.html]
[ngetemplates.com/dark/dark/img/shop-single.png]
[ngetemplates.com/dark/dark/img/user-comment.jpg]
[ngetemplates.com/dark/dark/shop-single.html]
[ngetemplates.com/dark/dark/checkout.html]
[ngetemplates.com/dark/dark/pricing.html]
[ngetemplates.com/dark/dark/error404.html]
[ngetemplates.com/dark/dark/team.html]
[ngetemplates.com/dark/dark/img/testimonial1.jpg]
[ngetemplates.com/dark/dark/img/testimonial2.jpg]
[ngetemplates.com/dark/dark/img/testimonial3.jpg]
[ngetemplates.com/dark/dark/testimonial.html]
[ngetemplates.com/dark/dark/blog.html]
[ngetemplates.com/dark/dark/blog-single.html]
[ngetemplates.com/dark/dark/img/about.jpg]
[ngetemplates.com/dark/dark/about-us.html]
[ngetemplates.com/dark/dark/login.html]
[ngetemplates.com/dark/dark/register.html]
[ngetemplates.com/dark/dark/fonts/roboto/Roboto-Thin.html]
[ngetemplates.com/dark/dark/fonts/roboto/Roboto-Thind41d.html]
[ngetemplates.com/dark/dark/fonts/roboto/Roboto-Thin-2.html]
[ngetemplates.com/dark/dark/fonts/roboto/Roboto-Thin-3.html]
[ngetemplates.com/dark/dark/fonts/roboto/Roboto-Thin-4.html]
[ngetemplates.com/dark/dark/fonts/roboto/Roboto-Light.html]
[ngetemplates.com/dark/dark/fonts/roboto/Roboto-Lightd41d.html]
[ngetemplates.com/dark/dark/fonts/roboto/Roboto-Light-2.html]
[ngetemplates.com/dark/dark/fonts/roboto/Roboto-Light-3.html]
[ngetemplates.com/dark/dark/fonts/roboto/Roboto-Light-4.html]
[ngetemplates.com/dark/dark/fonts/roboto/Roboto-Regular.html]
[ngetemplates.com/dark/dark/fonts/roboto/Roboto-Regulard41d.html]
[ngetemplates.com/dark/dark/fonts/roboto/Roboto-Regular-2.html]
[ngetemplates.com/dark/dark/fonts/roboto/Roboto-Regular-3.html]
[ngetemplates.com/dark/dark/fonts/roboto/Roboto-Regular-4.html]
[ngetemplates.com/dark/dark/fonts/roboto/Roboto-Medium.html]
[ngetemplates.com/dark/dark/fonts/roboto/Roboto-Mediumd41d.html]
[ngetemplates.com/dark/dark/fonts/roboto/Roboto-Medium-2.html]
[ngetemplates.com/dark/dark/fonts/roboto/Roboto-Medium-3.html]
[ngetemplates.com/dark/dark/fonts/roboto/Roboto-Medium-4.html]
[ngetemplates.com/dark/dark/fonts/roboto/Roboto-Bold.html]
[ngetemplates.com/dark/dark/fonts/roboto/Roboto-Boldd41d.html]
[ngetemplates.com/dark/dark/fonts/roboto/Roboto-Bold-2.html]
[ngetemplates.com/dark/dark/fonts/roboto/Roboto-Bold-3.html]
[ngetemplates.com/dark/dark/fonts/roboto/Roboto-Bold-4.html]
[ngetemplates.com/dark/dark/font-awesome/fonts/fontawesome-webfont5b62.svg]
[ngetemplates.com/dark/dark/css/grabbing.html]
[ngetemplates.com/dark/dark/css/AjaxLoader.html]
[ngetemplates.com/dark/dark/css/magnific-popup.css]
